###############################################################################
#
# IAR ELF Linker V9.30.1.335/W64 for ARM                  15/Mar/2023  20:09:39
# Copyright 2007-2022 IAR Systems AB.
#
#    Output file  =
#        C:\Users\sarao\Desktop\DST_2\RTMK_GR16\Debug\Exe\RTMK_GR16.out
#    Map file     =
#        C:\Users\sarao\Desktop\DST_2\RTMK_GR16\Debug\List\RTMK_GR16.map
#    Command line =
#        -f C:\Users\sarao\Desktop\DST_2\RTMK_GR16\Debug\Exe\RTMK_GR16.out.rsp
#        (C:\Users\sarao\Desktop\DST_2\RTMK_GR16\Debug\Obj\System\context_switching_functions_march_2019.o
#        C:\Users\sarao\Desktop\DST_2\RTMK_GR16\Debug\Obj\System\cstartup.o
#        C:\Users\sarao\Desktop\DST_2\RTMK_GR16\Debug\Obj\System\exceptions.o
#        C:\Users\sarao\Desktop\DST_2\RTMK_GR16\Debug\Obj\Source\kernel_functions.o
#        C:\Users\sarao\Desktop\DST_2\RTMK_GR16\Debug\Obj\Source\mailbox_functins.o
#        C:\Users\sarao\Desktop\DST_2\RTMK_GR16\Debug\Obj\Source\main.o
#        C:\Users\sarao\Desktop\DST_2\RTMK_GR16\Debug\Obj\System\startup_sam3x.o
#        C:\Users\sarao\Desktop\DST_2\RTMK_GR16\Debug\Obj\System\system_sam3x.o
#        C:\Users\sarao\Desktop\DST_2\RTMK_GR16\Debug\Obj\Source\timing_functions.o
#        --no_out_extension -o
#        C:\Users\sarao\Desktop\DST_2\RTMK_GR16\Debug\Exe\RTMK_GR16.out
#        --redirect _Printf=_PrintfFullNoMb --redirect _Scanf=_ScanfFullNoMb
#        --map C:\Users\sarao\Desktop\DST_2\RTMK_GR16\Debug\List\RTMK_GR16.map
#        --config "D:\University\2nd_year\2nd_term\Computer Systems Engineering
#        II\Project\Project_SaRa\RTMK_GR16\sam3x8-sram_BigHeap.icf"
#        --semihosting --entry __iar_program_start --vfe --text_out locale
#        --cpu=Cortex-M3 --fpu=None)
#
###############################################################################

*******************************************************************************
*** RUNTIME MODEL ATTRIBUTES
***

CppFlavor       = *
__CPP_Runtime   = 1
__Heap_Handler  = Basic
__SystemLibrary = DLib
__dlib_version  = 6


*******************************************************************************
*** HEAP SELECTION
***

The basic heap was selected because --advanced_heap
was not specified and the application did not appear to
be primarily optimized for speed.


*******************************************************************************
*** PLACEMENT SUMMARY
***

"A0":  place at address 0x2007'0000 { ro section .intvec };
"P1":  place in [from 0x2007'0000 to 0x2008'7fff] { ro };
define block CSTACK with size = 2K, alignment = 8 { };
define block HEAP with size = 8K, alignment = 8 { };
"P2":  place in [from 0x2007'0000 to 0x2008'7fff] {
          rw, block CSTACK, block HEAP };
initialize by copy with packing = none, complex ranges { rw };

  Section            Kind         Address    Size  Object
  -------            ----         -------    ----  ------
"A0":                                        0xf4
  .intvec                     0x2007'0000    0xf4  <Block>
    .intvec          const    0x2007'0000    0xf4  startup_sam3x.o [2]
                            - 0x2007'00f4    0xf4

"P1-P2", part 1 of 2:                      0x144c
  .text              ro code  0x2007'00f4   0x518  mailbox_functins.o [1]
  .text              ro code  0x2007'060c   0x170  heap0.o [3]
  .text              ro code  0x2007'077c   0x1c8  context_switching_functions_march_2019.o [2]
  .text              ro code  0x2007'0944   0x41e  kernel_functions.o [1]
  .text              ro code  0x2007'0d62    0x2a  copy_init3.o [4]
  .text              ro code  0x2007'0d8c    0xa6  ABImemcpy.o [4]
  .text              ro code  0x2007'0e32     0x4  heaptramp0.o [3]
  .text              ro code  0x2007'0e36     0x2  exceptions.o [2]
  .text              ro code  0x2007'0e38    0x2c  xgetmemchunk.o [3]
  .text              ro code  0x2007'0e64    0x12  xxmemxmemzero.o [3]
  .text              ro code  0x2007'0e78   0x124  timing_functions.o [1]
  .text              ro code  0x2007'0f9c   0x3a8  main.o [1]
  .text              ro code  0x2007'1344    0xa0  system_sam3x.o [2]
  .text              ro code  0x2007'13e4    0x30  startup_sam3x.o [2]
  .text              ro code  0x2007'1414     0xc  cstartup.o [2]
  .text              ro code  0x2007'1420    0x1e  cmain.o [4]
  .text              ro code  0x2007'1440    0x28  data_init.o [4]
  .text              ro code  0x2007'1468     0x4  exit.o [3]
  .text              ro code  0x2007'146c     0xa  cexit.o [4]
  .text              ro code  0x2007'1478    0x14  exit.o [5]
  .iar.init_table    const    0x2007'148c    0x14  - Linker created -
  .rodata            const    0x2007'14a0     0x0  copy_init3.o [4]
  P1-P2 s0                    0x2007'14a0    0x50  <Init block>
    .bss             inited   0x2007'14a0     0x8  heap0.o [3]
    .data            inited   0x2007'14a8     0x4  main.o [1]
    .data            inited   0x2007'14ac     0x4  main.o [1]
    .data            inited   0x2007'14b0     0x4  main.o [1]
    .data            inited   0x2007'14b4     0x4  system_sam3x.o [2]
    .bss             inited   0x2007'14b8     0x4  kernel_functions.o [1]
    .bss             inited   0x2007'14bc     0x4  kernel_functions.o [1]
    .bss             inited   0x2007'14c0     0x4  kernel_functions.o [1]
    .bss             inited   0x2007'14c4     0x4  kernel_functions.o [1]
    .bss             inited   0x2007'14c8     0x4  kernel_functions.o [1]
    .bss             inited   0x2007'14cc     0x4  kernel_functions.o [1]
    .bss             inited   0x2007'14d0     0x4  kernel_functions.o [1]
    .bss             inited   0x2007'14d4     0x4  main.o [1]
    .bss             inited   0x2007'14d8     0x4  main.o [1]
    .bss             inited   0x2007'14dc     0x4  main.o [1]
    .bss             inited   0x2007'14e0     0x4  main.o [1]
    .bss             inited   0x2007'14e4     0x4  main.o [1]
    .bss             inited   0x2007'14e8     0x4  main.o [1]
    .bss             inited   0x2007'14ec     0x4  xgetmemchunk.o [3]
  Initializer bytes  const    0x2007'14f0    0x50  <for P1-P2 s0>
                            - 0x2007'1540  0x144c

"P1-P2", part 2 of 2:                      0x2800
  CSTACK                      0x2007'1540   0x800  <Block>
    CSTACK           uninit   0x2007'1540   0x800  <Block tail>
  HEAP                        0x2007'1d40  0x2000  <Block>
    HEAP             uninit   0x2007'1d40  0x2000  <Block tail>
                            - 0x2007'3d40  0x2800

Unused ranges:

         From           To      Size
         ----           --      ----
  0x2007'3d40  0x2008'7fff  0x1'42c0


*******************************************************************************
*** INIT TABLE
***

          Address      Size
          -------      ----
Copy (__iar_copy_init3)
    1 source range, total size 0x50:
          0x2007'14f0  0x50
    1 destination range, total size 0x50:
          0x2007'14a0  0x50



*******************************************************************************
*** MODULE SUMMARY
***

    Module                                    ro code  ro data  rw data
    ------                                    -------  -------  -------
command line/config:
    -------------------------------------------------------------------
    Total:

C:\Users\sarao\Desktop\DST_2\RTMK_GR16\Debug\Obj\Source: [1]
    kernel_functions.o                          1'054       28       28
    mailbox_functins.o                          1'304
    main.o                                        936       36       36
    timing_functions.o                            292
    -------------------------------------------------------------------
    Total:                                      3'586       64       64

C:\Users\sarao\Desktop\DST_2\RTMK_GR16\Debug\Obj\System: [2]
    context_switching_functions_march_2019.o      456
    cstartup.o                                     12
    exceptions.o                                    2
    startup_sam3x.o                                48      244
    system_sam3x.o                                160        4        4
    -------------------------------------------------------------------
    Total:                                        678      248        4

dl7M_tln.a: [3]
    exit.o                                          4
    heap0.o                                       368        8        8
    heaptramp0.o                                    4
    xgetmemchunk.o                                 44        4        4
    xxmemxmemzero.o                                18
    -------------------------------------------------------------------
    Total:                                        438       12       12

rt7M_tl.a: [4]
    ABImemcpy.o                                   166
    cexit.o                                        10
    cmain.o                                        30
    copy_init3.o                                   42
    data_init.o                                    40
    -------------------------------------------------------------------
    Total:                                        288

shb_l.a: [5]
    exit.o                                         20
    -------------------------------------------------------------------
    Total:                                         20

    Gaps                                            6
    Linker created                                          20   10'240
-----------------------------------------------------------------------
    Grand Total:                                5'016      344   10'320


*******************************************************************************
*** ENTRY LIST
***

Entry                       Address   Size  Type      Object
-----                       -------   ----  ----      ------
.iar.init_table$$Base   0x2007'148c          --   Gb  - Linker created -
.iar.init_table$$Limit  0x2007'14a0          --   Gb  - Linker created -
.intvec$$Base           0x2007'0000          --   Gb  - Linker created -
.intvec$$Limit          0x2007'00f4          --   Gb  - Linker created -
?main                   0x2007'1421         Code  Gb  cmain.o [4]
ADC_Handler             0x2007'0e37    0x2  Code  Wk  exceptions.o [2]
Aldata                  0x2007'14a0    0x8  Data  Lc  heap0.o [3]
BusFault_Handler        0x2007'0e37    0x2  Code  Wk  exceptions.o [2]
CAN0_Handler            0x2007'0e37    0x2  Code  Wk  exceptions.o [2]
CAN1_Handler            0x2007'0e37    0x2  Code  Wk  exceptions.o [2]
CSTACK$$Base            0x2007'1540          --   Gb  - Linker created -
CSTACK$$Limit           0x2007'1d40          --   Gb  - Linker created -
DACC_Handler            0x2007'0e37    0x2  Code  Wk  exceptions.o [2]
DMAC_Handler            0x2007'0e37    0x2  Code  Wk  exceptions.o [2]
DebugMon_Handler        0x2007'0e37    0x2  Code  Wk  exceptions.o [2]
Dummy_Handler           0x2007'0e37    0x2  Code  Gb  exceptions.o [2]
EFC0_Handler            0x2007'0e37    0x2  Code  Wk  exceptions.o [2]
EFC1_Handler            0x2007'0e37    0x2  Code  Wk  exceptions.o [2]
HEAP$$Base              0x2007'1d40          --   Gb  - Linker created -
HEAP$$Limit             0x2007'3d40          --   Gb  - Linker created -
HSMCI_Handler           0x2007'0e37    0x2  Code  Wk  exceptions.o [2]
HardFault_Handler       0x2007'0e37    0x2  Code  Wk  exceptions.o [2]
KernelMode              0x2007'14bc    0x4  Data  Gb  kernel_functions.o [1]
LoadContext_In_Run      0x2007'08a5         Code  Gb  context_switching_functions_march_2019.o [2]
LoadContext_In_Terminate
                        0x2007'0897         Code  Gb  context_switching_functions_march_2019.o [2]
MemManage_Handler       0x2007'0e37    0x2  Code  Wk  exceptions.o [2]
NMI_Handler             0x2007'0e37    0x2  Code  Wk  exceptions.o [2]
NVIC_SetPriority        0x2007'0f9d   0x28  Code  Lc  main.o [1]
NextTask                0x2007'14c4    0x4  Data  Gb  kernel_functions.o [1]
PIOA_Handler            0x2007'0e37    0x2  Code  Wk  exceptions.o [2]
PIOB_Handler            0x2007'0e37    0x2  Code  Wk  exceptions.o [2]
PIOC_Handler            0x2007'0e37    0x2  Code  Wk  exceptions.o [2]
PIOD_Handler            0x2007'0e37    0x2  Code  Wk  exceptions.o [2]
PMC_Handler             0x2007'0e37    0x2  Code  Wk  exceptions.o [2]
PWM_Handler             0x2007'0e37    0x2  Code  Wk  exceptions.o [2]
PendSV_Handler          0x2007'0e37    0x2  Code  Wk  exceptions.o [2]
PreviousTask            0x2007'14c0    0x4  Data  Gb  kernel_functions.o [1]
RSTC_Handler            0x2007'0e37    0x2  Code  Wk  exceptions.o [2]
RTC_Handler             0x2007'0e37    0x2  Code  Wk  exceptions.o [2]
RTT_Handler             0x2007'0e37    0x2  Code  Wk  exceptions.o [2]
ReadyList               0x2007'14c8    0x4  Data  Gb  kernel_functions.o [1]
Region$$Table$$Base     0x2007'148c          --   Gb  - Linker created -
Region$$Table$$Limit    0x2007'14a0          --   Gb  - Linker created -
Reset_Handler           0x2007'140d    0x8  Code  Gb  startup_sam3x.o [2]
SPI0_Handler            0x2007'0e37    0x2  Code  Wk  exceptions.o [2]
SSC_Handler             0x2007'0e37    0x2  Code  Wk  exceptions.o [2]
SUPC_Handler            0x2007'0e37    0x2  Code  Wk  exceptions.o [2]
SVC_Handler             0x2007'07cd         Code  Gb  context_switching_functions_march_2019.o [2]
SwitchContext           0x2007'0889         Code  Gb  context_switching_functions_march_2019.o [2]
SysTick_Config          0x2007'0fc5   0x36  Code  Lc  main.o [1]
SysTick_Handler         0x2007'077d         Code  Gb  context_switching_functions_march_2019.o [2]
SystemCoreClock         0x2007'14b4    0x4  Data  Gb  system_sam3x.o [2]
SystemInit              0x2007'1345   0x6e  Code  Gb  system_sam3x.o [2]
TC0_Handler             0x2007'0e37    0x2  Code  Wk  exceptions.o [2]
TC1_Handler             0x2007'0e37    0x2  Code  Wk  exceptions.o [2]
TC2_Handler             0x2007'0e37    0x2  Code  Wk  exceptions.o [2]
TC3_Handler             0x2007'0e37    0x2  Code  Wk  exceptions.o [2]
TC4_Handler             0x2007'0e37    0x2  Code  Wk  exceptions.o [2]
TC5_Handler             0x2007'0e37    0x2  Code  Wk  exceptions.o [2]
TRNG_Handler            0x2007'0e37    0x2  Code  Wk  exceptions.o [2]
TWI0_Handler            0x2007'0e37    0x2  Code  Wk  exceptions.o [2]
TWI1_Handler            0x2007'0e37    0x2  Code  Wk  exceptions.o [2]
Ticks                   0x2007'14b8    0x4  Data  Gb  kernel_functions.o [1]
TimerInt                0x2007'0ed3   0xb2  Code  Gb  timing_functions.o [1]
TimerList               0x2007'14d0    0x4  Data  Gb  kernel_functions.o [1]
UART_Handler            0x2007'0e37    0x2  Code  Wk  exceptions.o [2]
UOTGHS_Handler          0x2007'0e37    0x2  Code  Wk  exceptions.o [2]
USART0_Handler          0x2007'0e37    0x2  Code  Wk  exceptions.o [2]
USART1_Handler          0x2007'0e37    0x2  Code  Wk  exceptions.o [2]
USART2_Handler          0x2007'0e37    0x2  Code  Wk  exceptions.o [2]
UsageFault_Handler      0x2007'0e37    0x2  Code  Wk  exceptions.o [2]
WDT_Handler             0x2007'0e37    0x2  Code  Wk  exceptions.o [2]
WaitingList             0x2007'14cc    0x4  Data  Gb  kernel_functions.o [1]
__aeabi_memcpy          0x2007'0d8d         Code  Gb  ABImemcpy.o [4]
__aeabi_memcpy4         0x2007'0dad         Code  Gb  ABImemcpy.o [4]
__aeabi_memcpy8         0x2007'0dad         Code  Gb  ABImemcpy.o [4]
__basic_calloc          0x2007'0743   0x36  Code  Gb  heap0.o [3]
__basic_free            0x2007'06b9   0x16  Code  Gb  heap0.o [3]
__basic_free_intern     0x2007'06cf   0x74  Code  Lc  heap0.o [3]
__basic_malloc          0x2007'060d   0x18  Code  Gb  heap0.o [3]
__basic_malloc_intern   0x2007'0625   0x94  Code  Lc  heap0.o [3]
__cmain                 0x2007'1421         Code  Gb  cmain.o [4]
__data_GetMemChunk      0x2007'0e39   0x2c  Code  Gb  xgetmemchunk.o [3]
__data_GetMemChunk::start
                        0x2007'14ec    0x4  Data  Lc  xgetmemchunk.o [3]
__data_memzero          0x2007'0e65   0x12  Code  Gb  xxmemxmemzero.o [3]
__exit                  0x2007'1479   0x14  Code  Gb  exit.o [5]
__iar_copy_init3        0x2007'0d63   0x2a  Code  Gb  copy_init3.o [4]
__iar_data_init3        0x2007'1441   0x28  Code  Gb  data_init.o [4]
__iar_program_start     0x2007'1415         Code  Gb  cstartup.o [2]
__low_level_init        0x2007'13e5   0x20  Code  Gb  startup_sam3x.o [2]
__region_NFC_RAM_end__ {Abs}
                        0x2010'0fff         Data  Gb  <internal module>
__region_NFC_RAM_start__ {Abs}
                        0x2010'0000         Data  Gb  <internal module>
__region_RAM0_end__ {Abs}
                        0x2000'ffff         Data  Gb  <internal module>
__region_RAM0_size__ {Abs}
                           0x1'0000         Data  Gb  <internal module>
__region_RAM0_start__ {Abs}
                        0x2000'0000         Data  Gb  <internal module>
__region_RAM1_end__ {Abs}
                        0x2008'7fff         Data  Gb  <internal module>
__region_RAM1_size__ {Abs}
                             0x8000         Data  Gb  <internal module>
__region_RAM1_start__ {Abs}
                        0x2008'0000         Data  Gb  <internal module>
__region_RAM_end__ {Abs}
                        0x2008'7fff         Data  Gb  <internal module>
__region_RAM_size__ {Abs}
                           0x1'8000         Data  Gb  <internal module>
__region_RAM_start__ {Abs}
                        0x2007'0000         Data  Gb  <internal module>
__vector_table          0x2007'0000   0xf4  Data  Gb  startup_sam3x.o [2]
_call_main              0x2007'142d         Code  Gb  cmain.o [4]
_exit                   0x2007'146d         Code  Gb  cexit.o [4]
charMbox                0x2007'14e0    0x4  Data  Gb  main.o [1]
createMsg               0x2007'00f5   0x1e  Code  Gb  mailbox_functins.o [1]
createNode              0x2007'09a9   0x1e  Code  Gb  kernel_functions.o [1]
create_mailbox          0x2007'023d   0x22  Code  Gb  mailbox_functins.o [1]
create_task             0x2007'0c67   0x8e  Code  Gb  kernel_functions.o [1]
emptyList               0x2007'0945   0x2a  Code  Gb  kernel_functions.o [1]
exit                    0x2007'1469    0x4  Code  Gb  exit.o [3]
extract                 0x2007'09d9   0x46  Code  Gb  kernel_functions.o [1]
floatMbox               0x2007'14e8    0x4  Data  Gb  main.o [1]
free                    0x2007'0e33    0x4  Code  Gb  heaptramp0.o [3]
g0                      0x2007'14d4    0x4  Data  Gb  main.o [1]
g1                      0x2007'14d8    0x4  Data  Gb  main.o [1]
g3                      0x2007'14a8    0x4  Data  Gb  main.o [1]
g5                      0x2007'14dc    0x4  Data  Gb  main.o [1]
getMsg                  0x2007'01bd   0x80  Code  Gb  mailbox_functins.o [1]
getNode                 0x2007'0b33  0x102  Code  Gb  kernel_functions.o [1]
getSize                 0x2007'09c7   0x12  Code  Gb  kernel_functions.o [1]
high_deadline           0x2007'14b0    0x4  Data  Gb  main.o [1]
idle                    0x2007'0d61    0x2  Code  Gb  kernel_functions.o [1]
initList                0x2007'096f   0x3a  Code  Gb  kernel_functions.o [1]
init_kernel             0x2007'0c35   0x32  Code  Gb  kernel_functions.o [1]
insertMail              0x2007'0113   0xaa  Code  Gb  mailbox_functins.o [1]
intMbox                 0x2007'14e4    0x4  Data  Gb  main.o [1]
isr_off                 0x2007'0927         Code  Gb  context_switching_functions_march_2019.o [2]
isr_on                  0x2007'091d         Code  Gb  context_switching_functions_march_2019.o [2]
low_deadline            0x2007'14ac    0x4  Data  Gb  main.o [1]
main                    0x2007'11f3   0xec  Code  Gb  main.o [1]
nullLista               0x2007'0a1f   0x24  Code  Gb  kernel_functions.o [1]
receive_no_wait         0x2007'0561   0x94  Code  Gb  mailbox_functins.o [1]
receive_wait            0x2007'0373  0x10a  Code  Gb  mailbox_functins.o [1]
run                     0x2007'0cf5   0x20  Code  Gb  kernel_functions.o [1]
send_no_wait            0x2007'047d   0xe4  Code  Gb  mailbox_functins.o [1]
send_wait               0x2007'025f  0x114  Code  Gb  mailbox_functins.o [1]
sortedInsertion         0x2007'0a43   0xf0  Code  Gb  kernel_functions.o [1]
switch_to_stack_of_next_task
                        0x2007'0909         Code  Gb  context_switching_functions_march_2019.o [2]
task_body_1             0x2007'0ffb  0x124  Code  Gb  main.o [1]
task_body_2             0x2007'111f   0x30  Code  Gb  main.o [1]
task_body_3             0x2007'114f   0x18  Code  Gb  main.o [1]
task_body_4             0x2007'1167   0x64  Code  Gb  main.o [1]
task_body_5             0x2007'11cb   0x28  Code  Gb  main.o [1]
terminate               0x2007'0d15   0x30  Code  Gb  kernel_functions.o [1]
ticks                   0x2007'0ecd    0x6  Code  Gb  timing_functions.o [1]
wait                    0x2007'0e79   0x54  Code  Gb  timing_functions.o [1]


[1] = C:\Users\sarao\Desktop\DST_2\RTMK_GR16\Debug\Obj\Source
[2] = C:\Users\sarao\Desktop\DST_2\RTMK_GR16\Debug\Obj\System
[3] = dl7M_tln.a
[4] = rt7M_tl.a
[5] = shb_l.a

   5'016 bytes of readonly  code memory
     344 bytes of readonly  data memory
  10'320 bytes of readwrite data memory

Errors: none
Warnings: none
